80.212.226.64 - - [29/Oct/2015:08:49:58 +0100] "GET /css/creative.css HTTP/1.1" 200 9941 "http://www.400contacts.com/" "Mozilla/5.0 (iPhone; CPU iPhone OS 8_4 like Mac OS X) AppleWebKit/600.1.4 (KHTML, like Gecko) Mobile/12H143 [FBAN/FBIOS;FBAV/42.0.0.40.154;FBBV/16331253;FBDV/iPhone7,2;FBMD/iPhone;FBSN/iPhone OS;FBSV/8.4;FBSS/2; FBCR/Comviq;FBID/phone;FBLC/sv_SE;FBOP/5]"
80.212.226.64 - - [29/Oct/2015:08:49:58 +0100] "GET /font-awesome/css/font-awesome.min.css HTTP/1.1" 200 24018 "http://www.400contacts.com/" "Mozilla/5.0 (iPhone; CPU iPhone OS 8_4 like Mac OS X) AppleWebKit/600.1.4 (KHTML, like Gecko) Mobile/12H143 [FBAN/FBIOS;FBAV/42.0.0.40.154;FBBV/16331253;FBDV/iPhone7,2;FBMD/iPhone;FBSN/iPhone OS;FBSV/8.4;FBSS/2; FBCR/Comviq;FBID/phone;FBLC/sv_SE;FBOP/5]"
80.212.226.64 - - [29/Oct/2015:08:49:58 +0100] "GET /font-awesome/fonts/fontawesome-webfont.woff?v=4.3.0 HTTP/1.1" 200 71790 "http://www.400contacts.com/" "Mozilla/5.0 (iPhone; CPU iPhone OS 8_4 like Mac OS X) AppleWebKit/600.1.4 (KHTML, like Gecko) Mobile/12H143 [FBAN/FBIOS;FBAV/42.0.0.40.154;FBBV/16331253;FBDV/iPhone7,2;FBMD/iPhone;FBSN/iPhone OS;FBSV/8.4;FBSS/2; FBCR/Comviq;FBID/phone;FBLC/sv_SE;FBOP/5]"
80.212.226.64 - - [29/Oct/2015:08:49:58 +0100] "GET / HTTP/1.1" 200 11977 "http://m.facebook.com" "Mozilla/5.0 (iPhone; CPU iPhone OS 8_4 like Mac OS X) AppleWebKit/600.1.4 (KHTML, like Gecko) Mobile/12H143 [FBAN/FBIOS;FBAV/42.0.0.40.154;FBBV/16331253;FBDV/iPhone7,2;FBMD/iPhone;FBSN/iPhone OS;FBSV/8.4;FBSS/2; FBCR/Comviq;FBID/phone;FBLC/sv_SE;FBOP/5]"
80.212.226.64 - - [29/Oct/2015:08:49:58 +0100] "GET /img/haganotext.jpeg HTTP/1.1" 200 2344037 "http://www.400contacts.com/" "Mozilla/5.0 (iPhone; CPU iPhone OS 8_4 like Mac OS X) AppleWebKit/600.1.4 (KHTML, like Gecko) Mobile/12H143 [FBAN/FBIOS;FBAV/42.0.0.40.154;FBBV/16331253;FBDV/iPhone7,2;FBMD/iPhone;FBSN/iPhone OS;FBSV/8.4;FBSS/2; FBCR/Comviq;FBID/phone;FBLC/sv_SE;FBOP/5]"
80.212.226.64 - - [29/Oct/2015:08:49:58 +0100] "GET /js/bootstrap.min.js HTTP/1.1" 200 35738 "http://www.400contacts.com/" "Mozilla/5.0 (iPhone; CPU iPhone OS 8_4 like Mac OS X) AppleWebKit/600.1.4 (KHTML, like Gecko) Mobile/12H143 [FBAN/FBIOS;FBAV/42.0.0.40.154;FBBV/16331253;FBDV/iPhone7,2;FBMD/iPhone;FBSN/iPhone OS;FBSV/8.4;FBSS/2; FBCR/Comviq;FBID/phone;FBLC/sv_SE;FBOP/5]"
80.212.226.64 - - [29/Oct/2015:08:49:58 +0100] "GET /js/creative.js HTTP/1.1" 200 1555 "http://www.400contacts.com/" "Mozilla/5.0 (iPhone; CPU iPhone OS 8_4 like Mac OS X) AppleWebKit/600.1.4 (KHTML, like Gecko) Mobile/12H143 [FBAN/FBIOS;FBAV/42.0.0.40.154;FBBV/16331253;FBDV/iPhone7,2;FBMD/iPhone;FBSN/iPhone OS;FBSV/8.4;FBSS/2; FBCR/Comviq;FBID/phone;FBLC/sv_SE;FBOP/5]"
80.212.226.64 - - [29/Oct/2015:08:49:58 +0100] "GET /js/jquery.easing.min.js HTTP/1.1" 200 5849 "http://www.400contacts.com/" "Mozilla/5.0 (iPhone; CPU iPhone OS 8_4 like Mac OS X) AppleWebKit/600.1.4 (KHTML, like Gecko) Mobile/12H143 [FBAN/FBIOS;FBAV/42.0.0.40.154;FBBV/16331253;FBDV/iPhone7,2;FBMD/iPhone;FBSN/iPhone OS;FBSV/8.4;FBSS/2; FBCR/Comviq;FBID/phone;FBLC/sv_SE;FBOP/5]"
80.212.226.64 - - [29/Oct/2015:08:49:58 +0100] "GET /js/jquery.fittext.js HTTP/1.1" 200 1358 "http://www.400contacts.com/" "Mozilla/5.0 (iPhone; CPU iPhone OS 8_4 like Mac OS X) AppleWebKit/600.1.4 (KHTML, like Gecko) Mobile/12H143 [FBAN/FBIOS;FBAV/42.0.0.40.154;FBBV/16331253;FBDV/iPhone7,2;FBMD/iPhone;FBSN/iPhone OS;FBSV/8.4;FBSS/2; FBCR/Comviq;FBID/phone;FBLC/sv_SE;FBOP/5]"
80.212.226.64 - - [29/Oct/2015:08:49:58 +0100] "GET /js/jquery.js HTTP/1.1" 200 96072 "http://www.400contacts.com/" "Mozilla/5.0 (iPhone; CPU iPhone OS 8_4 like Mac OS X) AppleWebKit/600.1.4 (KHTML, like Gecko) Mobile/12H143 [FBAN/FBIOS;FBAV/42.0.0.40.154;FBBV/16331253;FBDV/iPhone7,2;FBMD/iPhone;FBSN/iPhone OS;FBSV/8.4;FBSS/2; FBCR/Comviq;FBID/phone;FBLC/sv_SE;FBOP/5]"
80.212.226.64 - - [29/Oct/2015:08:49:58 +0100] "GET /js/wow.min.js HTTP/1.1" 200 8467 "http://www.400contacts.com/" "Mozilla/5.0 (iPhone; CPU iPhone OS 8_4 like Mac OS X) AppleWebKit/600.1.4 (KHTML, like Gecko) Mobile/12H143 [FBAN/FBIOS;FBAV/42.0.0.40.154;FBBV/16331253;FBDV/iPhone7,2;FBMD/iPhone;FBSN/iPhone OS;FBSV/8.4;FBSS/2; FBCR/Comviq;FBID/phone;FBLC/sv_SE;FBOP/5]"
81.216.206.240 - - [29/Oct/2015:08:50:09 +0100] "GET /css/animate.min.css HTTP/1.1" 200 53872 "http://400contacts.com/" "Mozilla/5.0 (Linux; Android 4.4.2; SM-N9005 Build/KOT49H) AppleWebKit/537.36 (KHTML, like Gecko) Version/4.0 Chrome/30.0.0.0 Mobile Safari/537.36 [FB_IAB/FB4A;FBAV/51.0.0.14.10;]"
81.216.206.240 - - [29/Oct/2015:08:50:09 +0100] "GET /css/bootstrap.min.css HTTP/1.1" 200 117431 "http://400contacts.com/" "Mozilla/5.0 (Linux; Android 4.4.2; SM-N9005 Build/KOT49H) AppleWebKit/537.36 (KHTML, like Gecko) Version/4.0 Chrome/30.0.0.0 Mobile Safari/537.36 [FB_IAB/FB4A;FBAV/51.0.0.14.10;]"
81.216.206.240 - - [29/Oct/2015:08:50:09 +0100] "GET /css/creative.css HTTP/1.1" 200 9941 "http://400contacts.com/" "Mozilla/5.0 (Linux; Android 4.4.2; SM-N9005 Build/KOT49H) AppleWebKit/537.36 (KHTML, like Gecko) Version/4.0 Chrome/30.0.0.0 Mobile Safari/537.36 [FB_IAB/FB4A;FBAV/51.0.0.14.10;]"
81.216.206.240 - - [29/Oct/2015:08:50:09 +0100] "GET /font-awesome/css/font-awesome.min.css HTTP/1.1" 200 24018 "http://400contacts.com/" "Mozilla/5.0 (Linux; Android 4.4.2; SM-N9005 Build/KOT49H) AppleWebKit/537.36 (KHTML, like Gecko) Version/4.0 Chrome/30.0.0.0 Mobile Safari/537.36 [FB_IAB/FB4A;FBAV/51.0.0.14.10;]"
81.216.206.240 - - [29/Oct/2015:08:50:09 +0100] "GET / HTTP/1.1" 200 11977 "http://m.facebook.com/" "Mozilla/5.0 (Linux; Android 4.4.2; SM-N9005 Build/KOT49H) AppleWebKit/537.36 (KHTML, like Gecko) Version/4.0 Chrome/30.0.0.0 Mobile Safari/537.36 [FB_IAB/FB4A;FBAV/51.0.0.14.10;]"
81.216.206.240 - - [29/Oct/2015:08:50:09 +0100] "GET /js/bootstrap.min.js HTTP/1.1" 200 35738 "http://400contacts.com/" "Mozilla/5.0 (Linux; Android 4.4.2; SM-N9005 Build/KOT49H) AppleWebKit/537.36 (KHTML, like Gecko) Version/4.0 Chrome/30.0.0.0 Mobile Safari/537.36 [FB_IAB/FB4A;FBAV/51.0.0.14.10;]"
81.216.206.240 - - [29/Oct/2015:08:50:09 +0100] "GET /js/creative.js HTTP/1.1" 200 1555 "http://400contacts.com/" "Mozilla/5.0 (Linux; Android 4.4.2; SM-N9005 Build/KOT49H) AppleWebKit/537.36 (KHTML, like Gecko) Version/4.0 Chrome/30.0.0.0 Mobile Safari/537.36 [FB_IAB/FB4A;FBAV/51.0.0.14.10;]"
81.216.206.240 - - [29/Oct/2015:08:50:09 +0100] "GET /js/jquery.easing.min.js HTTP/1.1" 200 5849 "http://400contacts.com/" "Mozilla/5.0 (Linux; Android 4.4.2; SM-N9005 Build/KOT49H) AppleWebKit/537.36 (KHTML, like Gecko) Version/4.0 Chrome/30.0.0.0 Mobile Safari/537.36 [FB_IAB/FB4A;FBAV/51.0.0.14.10;]"
81.216.206.240 - - [29/Oct/2015:08:50:09 +0100] "GET /js/jquery.fittext.js HTTP/1.1" 200 1358 "http://400contacts.com/" "Mozilla/5.0 (Linux; Android 4.4.2; SM-N9005 Build/KOT49H) AppleWebKit/537.36 (KHTML, like Gecko) Version/4.0 Chrome/30.0.0.0 Mobile Safari/537.36 [FB_IAB/FB4A;FBAV/51.0.0.14.10;]"
81.216.206.240 - - [29/Oct/2015:08:50:09 +0100] "GET /js/jquery.js HTTP/1.1" 200 96072 "http://400contacts.com/" "Mozilla/5.0 (Linux; Android 4.4.2; SM-N9005 Build/KOT49H) AppleWebKit/537.36 (KHTML, like Gecko) Version/4.0 Chrome/30.0.0.0 Mobile Safari/537.36 [FB_IAB/FB4A;FBAV/51.0.0.14.10;]"
81.216.206.240 - - [29/Oct/2015:08:50:09 +0100] "GET /js/wow.min.js HTTP/1.1" 200 8467 "http://400contacts.com/" "Mozilla/5.0 (Linux; Android 4.4.2; SM-N9005 Build/KOT49H) AppleWebKit/537.36 (KHTML, like Gecko) Version/4.0 Chrome/30.0.0.0 Mobile Safari/537.36 [FB_IAB/FB4A;FBAV/51.0.0.14.10;]"
81.216.206.240 - - [29/Oct/2015:08:50:10 +0100] "GET /font-awesome/fonts/fontawesome-webfont.woff?v=4.3.0 HTTP/1.1" 200 71790 "http://400contacts.com/" "Mozilla/5.0 (Linux; Android 4.4.2; SM-N9005 Build/KOT49H) AppleWebKit/537.36 (KHTML, like Gecko) Version/4.0 Chrome/30.0.0.0 Mobile Safari/537.36 [FB_IAB/FB4A;FBAV/51.0.0.14.10;]"
81.216.206.240 - - [29/Oct/2015:08:50:10 +0100] "GET /img/haganotext.jpeg HTTP/1.1" 200 2344037 "http://400contacts.com/" "Mozilla/5.0 (Linux; Android 4.4.2; SM-N9005 Build/KOT49H) AppleWebKit/537.36 (KHTML, like Gecko) Version/4.0 Chrome/30.0.0.0 Mobile Safari/537.36 [FB_IAB/FB4A;FBAV/51.0.0.14.10;]"
81.216.206.240 - - [29/Oct/2015:08:50:11 +0100] "GET /img/400contactsfavicon.png HTTP/1.1" 200 1540 "-" "Mozilla/5.0 (Linux; Android 4.4.2; SM-N9005 Build/KOT49H) AppleWebKit/537.36 (KHTML, like Gecko) Version/4.0 Chrome/30.0.0.0 Mobile Safari/537.36"
80.212.226.64 - - [29/Oct/2015:08:51:07 +0100] "GET /img/haganotext.jpeg HTTP/1.1" 200 2344037 "http://www.400contacts.com/" "Mozilla/5.0 (iPhone; CPU iPhone OS 8_4 like Mac OS X) AppleWebKit/600.1.4 (KHTML, like Gecko) Mobile/12H143 [FBAN/FBIOS;FBAV/42.0.0.40.154;FBBV/16331253;FBDV/iPhone7,2;FBMD/iPhone;FBSN/iPhone OS;FBSV/8.4;FBSS/2; FBCR/Comviq;FBID/phone;FBLC/sv_SE;FBOP/5]"
62.119.166.9 - - [29/Oct/2015:08:54:37 +0100] "GET /css/animate.min.css HTTP/1.1" 200 53872 "http://400contacts.com/" "Mozilla/5.0 (Macintosh; Intel Mac OS X 10_10_2) AppleWebKit/537.36 (KHTML, like Gecko) Chrome/46.0.2490.71 Safari/537.36"
62.119.166.9 - - [29/Oct/2015:08:54:37 +0100] "GET /css/bootstrap.min.css HTTP/1.1" 200 117431 "http://400contacts.com/" "Mozilla/5.0 (Macintosh; Intel Mac OS X 10_10_2) AppleWebKit/537.36 (KHTML, like Gecko) Chrome/46.0.2490.71 Safari/537.36"
62.119.166.9 - - [29/Oct/2015:08:54:37 +0100] "GET /css/creative.css HTTP/1.1" 200 9941 "http://400contacts.com/" "Mozilla/5.0 (Macintosh; Intel Mac OS X 10_10_2) AppleWebKit/537.36 (KHTML, like Gecko) Chrome/46.0.2490.71 Safari/537.36"
62.119.166.9 - - [29/Oct/2015:08:54:37 +0100] "GET /font-awesome/css/font-awesome.min.css HTTP/1.1" 200 24018 "http://400contacts.com/" "Mozilla/5.0 (Macintosh; Intel Mac OS X 10_10_2) AppleWebKit/537.36 (KHTML, like Gecko) Chrome/46.0.2490.71 Safari/537.36"
62.119.166.9 - - [29/Oct/2015:08:54:37 +0100] "GET / HTTP/1.1" 200 11977 "http://www.google.com/url?q=http%3A%2F%2F400contacts.com%2F&sa=D&sntz=1&usg=AFQjCNHxLjgVzT8M67_VEmao5Rdm641K_g" "Mozilla/5.0 (Macintosh; Intel Mac OS X 10_10_2) AppleWebKit/537.36 (KHTML, like Gecko) Chrome/46.0.2490.71 Safari/537.36"
62.119.166.9 - - [29/Oct/2015:08:54:37 +0100] "GET /js/bootstrap.min.js HTTP/1.1" 200 35738 "http://400contacts.com/" "Mozilla/5.0 (Macintosh; Intel Mac OS X 10_10_2) AppleWebKit/537.36 (KHTML, like Gecko) Chrome/46.0.2490.71 Safari/537.36"
62.119.166.9 - - [29/Oct/2015:08:54:37 +0100] "GET /js/jquery.js HTTP/1.1" 200 96072 "http://400contacts.com/" "Mozilla/5.0 (Macintosh; Intel Mac OS X 10_10_2) AppleWebKit/537.36 (KHTML, like Gecko) Chrome/46.0.2490.71 Safari/537.36"
62.119.166.9 - - [29/Oct/2015:08:54:38 +0100] "GET /js/jquery.easing.min.js HTTP/1.1" 200 5849 "http://400contacts.com/" "Mozilla/5.0 (Macintosh; Intel Mac OS X 10_10_2) AppleWebKit/537.36 (KHTML, like Gecko) Chrome/46.0.2490.71 Safari/537.36"
62.119.166.9 - - [29/Oct/2015:08:54:39 +0100] "GET /js/jquery.fittext.js HTTP/1.1" 200 1358 "http://400contacts.com/" "Mozilla/5.0 (Macintosh; Intel Mac OS X 10_10_2) AppleWebKit/537.36 (KHTML, like Gecko) Chrome/46.0.2490.71 Safari/537.36"
62.119.166.9 - - [29/Oct/2015:08:54:39 +0100] "GET /js/wow.min.js HTTP/1.1" 200 8467 "http://400contacts.com/" "Mozilla/5.0 (Macintosh; Intel Mac OS X 10_10_2) AppleWebKit/537.36 (KHTML, like Gecko) Chrome/46.0.2490.71 Safari/537.36"
62.119.166.9 - - [29/Oct/2015:08:54:40 +0100] "GET /js/creative.js HTTP/1.1" 200 1555 "http://400contacts.com/" "Mozilla/5.0 (Macintosh; Intel Mac OS X 10_10_2) AppleWebKit/537.36 (KHTML, like Gecko) Chrome/46.0.2490.71 Safari/537.36"
62.119.166.9 - - [29/Oct/2015:08:54:46 +0100] "GET /font-awesome/fonts/fontawesome-webfont.woff2?v=4.3.0 HTTP/1.1" 200 57061 "http://400contacts.com/font-awesome/css/font-awesome.min.css" "Mozilla/5.0 (Macintosh; Intel Mac OS X 10_10_2) AppleWebKit/537.36 (KHTML, like Gecko) Chrome/46.0.2490.71 Safari/537.36"
62.119.166.9 - - [29/Oct/2015:08:54:46 +0100] "GET /img/haganotext.jpeg HTTP/1.1" 200 2344037 "http://400contacts.com/css/creative.css" "Mozilla/5.0 (Macintosh; Intel Mac OS X 10_10_2) AppleWebKit/537.36 (KHTML, like Gecko) Chrome/46.0.2490.71 Safari/537.36"
66.249.64.242 - - [29/Oct/2015:08:55:23 +0100] "GET / HTTP/1.1" 200 11977 "-" "Mozilla/5.0 (compatible; Googlebot/2.1; +http://www.google.com/bot.html)"
66.102.9.105 - - [29/Oct/2015:08:56:00 +0100] "GET /css/animate.min.css HTTP/1.1" 200 53872 "http://400contacts.com/" "Mozilla/5.0 (Linux; Android 6.0; Nexus 5 Build/MRA58K) AppleWebKit/537.36 (KHTML, like Gecko) Chrome/46.0.2490.76 Mobile Safari/537.36"
66.102.9.115 - - [29/Oct/2015:08:56:00 +0100] "GET /css/bootstrap.min.css HTTP/1.1" 200 117431 "http://400contacts.com/" "Mozilla/5.0 (Linux; Android 6.0; Nexus 5 Build/MRA58K) AppleWebKit/537.36 (KHTML, like Gecko) Chrome/46.0.2490.76 Mobile Safari/537.36"
66.102.9.115 - - [29/Oct/2015:08:56:00 +0100] "GET /css/creative.css HTTP/1.1" 200 9941 "http://400contacts.com/" "Mozilla/5.0 (Linux; Android 6.0; Nexus 5 Build/MRA58K) AppleWebKit/537.36 (KHTML, like Gecko) Chrome/46.0.2490.76 Mobile Safari/537.36"
66.102.9.115 - - [29/Oct/2015:08:56:00 +0100] "GET /font-awesome/css/font-awesome.min.css HTTP/1.1" 200 24018 "http://400contacts.com/" "Mozilla/5.0 (Linux; Android 6.0; Nexus 5 Build/MRA58K) AppleWebKit/537.36 (KHTML, like Gecko) Chrome/46.0.2490.76 Mobile Safari/537.36"
66.102.9.115 - - [29/Oct/2015:08:56:00 +0100] "GET /font-awesome/fonts/fontawesome-webfont.woff2?v=4.3.0 HTTP/1.1" 200 57061 "http://400contacts.com/font-awesome/css/font-awesome.min.css" "Mozilla/5.0 (Linux; Android 6.0; Nexus 5 Build/MRA58K) AppleWebKit/537.36 (KHTML, like Gecko) Chrome/46.0.2490.76 Mobile Safari/537.36"
66.102.9.115 - - [29/Oct/2015:08:56:00 +0100] "GET / HTTP/1.1" 200 11977 "-" "Mozilla/5.0 (Linux; Android 6.0; Nexus 5 Build/MRA58K) AppleWebKit/537.36 (KHTML, like Gecko) Chrome/46.0.2490.76 Mobile Safari/537.36"
66.102.9.125 - - [29/Oct/2015:08:56:00 +0100] "GET /img/haganotext.jpeg HTTP/1.1" 200 2344037 "http://400contacts.com/css/creative.css" "Mozilla/5.0 (Linux; Android 6.0; Nexus 5 Build/MRA58K) AppleWebKit/537.36 (KHTML, like Gecko) Chrome/46.0.2490.76 Mobile Safari/537.36"
66.102.9.105 - - [29/Oct/2015:08:56:00 +0100] "GET /js/bootstrap.min.js HTTP/1.1" 200 35738 "http://400contacts.com/" "Mozilla/5.0 (Linux; Android 6.0; Nexus 5 Build/MRA58K) AppleWebKit/537.36 (KHTML, like Gecko) Chrome/46.0.2490.76 Mobile Safari/537.36"
66.102.9.105 - - [29/Oct/2015:08:56:00 +0100] "GET /js/creative.js HTTP/1.1" 200 1555 "http://400contacts.com/" "Mozilla/5.0 (Linux; Android 6.0; Nexus 5 Build/MRA58K) AppleWebKit/537.36 (KHTML, like Gecko) Chrome/46.0.2490.76 Mobile Safari/537.36"
66.102.9.115 - - [29/Oct/2015:08:56:00 +0100] "GET /js/jquery.easing.min.js HTTP/1.1" 200 5849 "http://400contacts.com/" "Mozilla/5.0 (Linux; Android 6.0; Nexus 5 Build/MRA58K) AppleWebKit/537.36 (KHTML, like Gecko) Chrome/46.0.2490.76 Mobile Safari/537.36"
66.102.9.125 - - [29/Oct/2015:08:56:00 +0100] "GET /js/jquery.fittext.js HTTP/1.1" 200 1358 "http://400contacts.com/" "Mozilla/5.0 (Linux; Android 6.0; Nexus 5 Build/MRA58K) AppleWebKit/537.36 (KHTML, like Gecko) Chrome/46.0.2490.76 Mobile Safari/537.36"
66.102.9.115 - - [29/Oct/2015:08:56:00 +0100] "GET /js/jquery.js HTTP/1.1" 200 96072 "http://400contacts.com/" "Mozilla/5.0 (Linux; Android 6.0; Nexus 5 Build/MRA58K) AppleWebKit/537.36 (KHTML, like Gecko) Chrome/46.0.2490.76 Mobile Safari/537.36"
66.102.9.105 - - [29/Oct/2015:08:56:00 +0100] "GET /js/wow.min.js HTTP/1.1" 200 8467 "http://400contacts.com/" "Mozilla/5.0 (Linux; Android 6.0; Nexus 5 Build/MRA58K) AppleWebKit/537.36 (KHTML, like Gecko) Chrome/46.0.2490.76 Mobile Safari/537.36"
66.102.9.105 - - [29/Oct/2015:08:56:02 +0100] "GET /img/400contactsfavicon.png HTTP/1.1" 200 1540 "http://400contacts.com/" "Mozilla/5.0 (Linux; Android 6.0; Nexus 5 Build/MRA58K) AppleWebKit/537.36 (KHTML, like Gecko) Chrome/46.0.2490.76 Mobile Safari/537.36"
62.119.166.9 - - [29/Oct/2015:08:56:06 +0100] "GET /img/400contactsfavicon.png HTTP/1.1" 200 1540 "http://400contacts.com/" "Mozilla/5.0 (Macintosh; Intel Mac OS X 10_10_2) AppleWebKit/537.36 (KHTML, like Gecko) Chrome/46.0.2490.71 Safari/537.36"
37.247.4.99 - - [29/Oct/2015:08:56:16 +0100] "GET /css/animate.min.css HTTP/1.1" 200 53872 "http://www.400contacts.com/" "Mozilla/5.0 (iPhone; CPU iPhone OS 9_1 like Mac OS X) AppleWebKit/601.1.46 (KHTML, like Gecko) Mobile/13B143 [FBAN/FBIOS;FBAV/42.0.0.40.154;FBBV/16331253;FBDV/iPhone6,2;FBMD/iPhone;FBSN/iPhone OS;FBSV/9.1;FBSS/2; FBCR/Tele2;FBID/phone;FBLC/sv_SE;FBOP/5]"
37.247.4.99 - - [29/Oct/2015:08:56:16 +0100] "GET /css/bootstrap.min.css HTTP/1.1" 200 117431 "http://www.400contacts.com/" "Mozilla/5.0 (iPhone; CPU iPhone OS 9_1 like Mac OS X) AppleWebKit/601.1.46 (KHTML, like Gecko) Mobile/13B143 [FBAN/FBIOS;FBAV/42.0.0.40.154;FBBV/16331253;FBDV/iPhone6,2;FBMD/iPhone;FBSN/iPhone OS;FBSV/9.1;FBSS/2; FBCR/Tele2;FBID/phone;FBLC/sv_SE;FBOP/5]"
37.247.4.99 - - [29/Oct/2015:08:56:16 +0100] "GET /css/creative.css HTTP/1.1" 200 9941 "http://www.400contacts.com/" "Mozilla/5.0 (iPhone; CPU iPhone OS 9_1 like Mac OS X) AppleWebKit/601.1.46 (KHTML, like Gecko) Mobile/13B143 [FBAN/FBIOS;FBAV/42.0.0.40.154;FBBV/16331253;FBDV/iPhone6,2;FBMD/iPhone;FBSN/iPhone OS;FBSV/9.1;FBSS/2; FBCR/Tele2;FBID/phone;FBLC/sv_SE;FBOP/5]"
37.247.4.99 - - [29/Oct/2015:08:56:16 +0100] "GET /font-awesome/css/font-awesome.min.css HTTP/1.1" 200 24018 "http://www.400contacts.com/" "Mozilla/5.0 (iPhone; CPU iPhone OS 9_1 like Mac OS X) AppleWebKit/601.1.46 (KHTML, like Gecko) Mobile/13B143 [FBAN/FBIOS;FBAV/42.0.0.40.154;FBBV/16331253;FBDV/iPhone6,2;FBMD/iPhone;FBSN/iPhone OS;FBSV/9.1;FBSS/2; FBCR/Tele2;FBID/phone;FBLC/sv_SE;FBOP/5]"
37.247.4.99 - - [29/Oct/2015:08:56:16 +0100] "GET /font-awesome/fonts/fontawesome-webfont.woff?v=4.3.0 HTTP/1.1" 200 71790 "http://www.400contacts.com/" "Mozilla/5.0 (iPhone; CPU iPhone OS 9_1 like Mac OS X) AppleWebKit/601.1.46 (KHTML, like Gecko) Mobile/13B143 [FBAN/FBIOS;FBAV/42.0.0.40.154;FBBV/16331253;FBDV/iPhone6,2;FBMD/iPhone;FBSN/iPhone OS;FBSV/9.1;FBSS/2; FBCR/Tele2;FBID/phone;FBLC/sv_SE;FBOP/5]"
37.247.4.99 - - [29/Oct/2015:08:56:16 +0100] "GET / HTTP/1.1" 200 11977 "http://m.facebook.com" "Mozilla/5.0 (iPhone; CPU iPhone OS 9_1 like Mac OS X) AppleWebKit/601.1.46 (KHTML, like Gecko) Mobile/13B143 [FBAN/FBIOS;FBAV/42.0.0.40.154;FBBV/16331253;FBDV/iPhone6,2;FBMD/iPhone;FBSN/iPhone OS;FBSV/9.1;FBSS/2; FBCR/Tele2;FBID/phone;FBLC/sv_SE;FBOP/5]"
37.247.4.99 - - [29/Oct/2015:08:56:16 +0100] "GET /img/haganotext.jpeg HTTP/1.1" 200 2344037 "http://www.400contacts.com/" "Mozilla/5.0 (iPhone; CPU iPhone OS 9_1 like Mac OS X) AppleWebKit/601.1.46 (KHTML, like Gecko) Mobile/13B143 [FBAN/FBIOS;FBAV/42.0.0.40.154;FBBV/16331253;FBDV/iPhone6,2;FBMD/iPhone;FBSN/iPhone OS;FBSV/9.1;FBSS/2; FBCR/Tele2;FBID/phone;FBLC/sv_SE;FBOP/5]"
37.247.4.99 - - [29/Oct/2015:08:56:16 +0100] "GET /js/bootstrap.min.js HTTP/1.1" 200 35738 "http://www.400contacts.com/" "Mozilla/5.0 (iPhone; CPU iPhone OS 9_1 like Mac OS X) AppleWebKit/601.1.46 (KHTML, like Gecko) Mobile/13B143 [FBAN/FBIOS;FBAV/42.0.0.40.154;FBBV/16331253;FBDV/iPhone6,2;FBMD/iPhone;FBSN/iPhone OS;FBSV/9.1;FBSS/2; FBCR/Tele2;FBID/phone;FBLC/sv_SE;FBOP/5]"
37.247.4.99 - - [29/Oct/2015:08:56:16 +0100] "GET /js/creative.js HTTP/1.1" 200 1555 "http://www.400contacts.com/" "Mozilla/5.0 (iPhone; CPU iPhone OS 9_1 like Mac OS X) AppleWebKit/601.1.46 (KHTML, like Gecko) Mobile/13B143 [FBAN/FBIOS;FBAV/42.0.0.40.154;FBBV/16331253;FBDV/iPhone6,2;FBMD/iPhone;FBSN/iPhone OS;FBSV/9.1;FBSS/2; FBCR/Tele2;FBID/phone;FBLC/sv_SE;FBOP/5]"
37.247.4.99 - - [29/Oct/2015:08:56:16 +0100] "GET /js/jquery.easing.min.js HTTP/1.1" 200 5849 "http://www.400contacts.com/" "Mozilla/5.0 (iPhone; CPU iPhone OS 9_1 like Mac OS X) AppleWebKit/601.1.46 (KHTML, like Gecko) Mobile/13B143 [FBAN/FBIOS;FBAV/42.0.0.40.154;FBBV/16331253;FBDV/iPhone6,2;FBMD/iPhone;FBSN/iPhone OS;FBSV/9.1;FBSS/2; FBCR/Tele2;FBID/phone;FBLC/sv_SE;FBOP/5]"
37.247.4.99 - - [29/Oct/2015:08:56:16 +0100] "GET /js/jquery.fittext.js HTTP/1.1" 200 1358 "http://www.400contacts.com/" "Mozilla/5.0 (iPhone; CPU iPhone OS 9_1 like Mac OS X) AppleWebKit/601.1.46 (KHTML, like Gecko) Mobile/13B143 [FBAN/FBIOS;FBAV/42.0.0.40.154;FBBV/16331253;FBDV/iPhone6,2;FBMD/iPhone;FBSN/iPhone OS;FBSV/9.1;FBSS/2; FBCR/Tele2;FBID/phone;FBLC/sv_SE;FBOP/5]"
37.247.4.99 - - [29/Oct/2015:08:56:16 +0100] "GET /js/jquery.js HTTP/1.1" 200 96072 "http://www.400contacts.com/" "Mozilla/5.0 (iPhone; CPU iPhone OS 9_1 like Mac OS X) AppleWebKit/601.1.46 (KHTML, like Gecko) Mobile/13B143 [FBAN/FBIOS;FBAV/42.0.0.40.154;FBBV/16331253;FBDV/iPhone6,2;FBMD/iPhone;FBSN/iPhone OS;FBSV/9.1;FBSS/2; FBCR/Tele2;FBID/phone;FBLC/sv_SE;FBOP/5]"
37.247.4.99 - - [29/Oct/2015:08:56:16 +0100] "GET /js/wow.min.js HTTP/1.1" 200 8467 "http://www.400contacts.com/" "Mozilla/5.0 (iPhone; CPU iPhone OS 9_1 like Mac OS X) AppleWebKit/601.1.46 (KHTML, like Gecko) Mobile/13B143 [FBAN/FBIOS;FBAV/42.0.0.40.154;FBBV/16331253;FBDV/iPhone6,2;FBMD/iPhone;FBSN/iPhone OS;FBSV/9.1;FBSS/2; FBCR/Tele2;FBID/phone;FBLC/sv_SE;FBOP/5]"
95.199.16.208 - - [29/Oct/2015:09:01:27 +0100] "GET /css/animate.min.css HTTP/1.1" 304 174 "http://400contacts.com/" "Mozilla/5.0 (Linux; Android 4.4.4; Galaxy Nexus Build/KTU84Q) AppleWebKit/537.36 (KHTML, like Gecko) Version/4.0 Chrome/33.0.0.0 Mobile Safari/537.36"
95.199.16.208 - - [29/Oct/2015:09:01:27 +0100] "GET /css/bootstrap.min.css HTTP/1.1" 304 175 "http://400contacts.com/" "Mozilla/5.0 (Linux; Android 4.4.4; Galaxy Nexus Build/KTU84Q) AppleWebKit/537.36 (KHTML, like Gecko) Version/4.0 Chrome/33.0.0.0 Mobile Safari/537.36"
95.199.16.208 - - [29/Oct/2015:09:01:27 +0100] "GET /css/creative.css HTTP/1.1" 304 174 "http://400contacts.com/" "Mozilla/5.0 (Linux; Android 4.4.4; Galaxy Nexus Build/KTU84Q) AppleWebKit/537.36 (KHTML, like Gecko) Version/4.0 Chrome/33.0.0.0 Mobile Safari/537.36"
95.199.16.208 - - [29/Oct/2015:09:01:27 +0100] "GET /font-awesome/css/font-awesome.min.css HTTP/1.1" 304 174 "http://400contacts.com/" "Mozilla/5.0 (Linux; Android 4.4.4; Galaxy Nexus Build/KTU84Q) AppleWebKit/537.36 (KHTML, like Gecko) Version/4.0 Chrome/33.0.0.0 Mobile Safari/537.36"
95.199.16.208 - - [29/Oct/2015:09:01:27 +0100] "GET / HTTP/1.1" 304 174 "https://t.co/OeAKfBAmsC" "Mozilla/5.0 (Linux; Android 4.4.4; Galaxy Nexus Build/KTU84Q) AppleWebKit/537.36 (KHTML, like Gecko) Version/4.0 Chrome/33.0.0.0 Mobile Safari/537.36"
95.199.16.208 - - [29/Oct/2015:09:01:27 +0100] "GET /js/bootstrap.min.js HTTP/1.1" 304 174 "http://400contacts.com/" "Mozilla/5.0 (Linux; Android 4.4.4; Galaxy Nexus Build/KTU84Q) AppleWebKit/537.36 (KHTML, like Gecko) Version/4.0 Chrome/33.0.0.0 Mobile Safari/537.36"
95.199.16.208 - - [29/Oct/2015:09:01:27 +0100] "GET /js/creative.js HTTP/1.1" 304 173 "http://400contacts.com/" "Mozilla/5.0 (Linux; Android 4.4.4; Galaxy Nexus Build/KTU84Q) AppleWebKit/537.36 (KHTML, like Gecko) Version/4.0 Chrome/33.0.0.0 Mobile Safari/537.36"
95.199.16.208 - - [29/Oct/2015:09:01:27 +0100] "GET /js/jquery.easing.min.js HTTP/1.1" 304 174 "http://400contacts.com/" "Mozilla/5.0 (Linux; Android 4.4.4; Galaxy Nexus Build/KTU84Q) AppleWebKit/537.36 (KHTML, like Gecko) Version/4.0 Chrome/33.0.0.0 Mobile Safari/537.36"
95.199.16.208 - - [29/Oct/2015:09:01:27 +0100] "GET /js/jquery.fittext.js HTTP/1.1" 304 173 "http://400contacts.com/" "Mozilla/5.0 (Linux; Android 4.4.4; Galaxy Nexus Build/KTU84Q) AppleWebKit/537.36 (KHTML, like Gecko) Version/4.0 Chrome/33.0.0.0 Mobile Safari/537.36"
95.199.16.208 - - [29/Oct/2015:09:01:27 +0100] "GET /js/jquery.js HTTP/1.1" 304 175 "http://400contacts.com/" "Mozilla/5.0 (Linux; Android 4.4.4; Galaxy Nexus Build/KTU84Q) AppleWebKit/537.36 (KHTML, like Gecko) Version/4.0 Chrome/33.0.0.0 Mobile Safari/537.36"
95.199.16.208 - - [29/Oct/2015:09:01:27 +0100] "GET /js/wow.min.js HTTP/1.1" 304 174 "http://400contacts.com/" "Mozilla/5.0 (Linux; Android 4.4.4; Galaxy Nexus Build/KTU84Q) AppleWebKit/537.36 (KHTML, like Gecko) Version/4.0 Chrome/33.0.0.0 Mobile Safari/537.36"
95.199.16.208 - - [29/Oct/2015:09:01:29 +0100] "GET /font-awesome/fonts/fontawesome-webfont.woff?v=4.3.0 HTTP/1.1" 304 175 "http://400contacts.com/" "Mozilla/5.0 (Linux; Android 4.4.4; Galaxy Nexus Build/KTU84Q) AppleWebKit/537.36 (KHTML, like Gecko) Version/4.0 Chrome/33.0.0.0 Mobile Safari/537.36"
95.199.16.208 - - [29/Oct/2015:09:01:29 +0100] "GET /img/haganotext.jpeg HTTP/1.1" 304 176 "http://400contacts.com/" "Mozilla/5.0 (Linux; Android 4.4.4; Galaxy Nexus Build/KTU84Q) AppleWebKit/537.36 (KHTML, like Gecko) Version/4.0 Chrome/33.0.0.0 Mobile Safari/537.36"
89.233.216.170 - - [29/Oct/2015:09:01:30 +0100] "GET /css/animate.min.css HTTP/1.1" 200 53872 "http://400contacts.com/" "Mozilla/5.0 (Macintosh; Intel Mac OS X 10_10_5) AppleWebKit/537.36 (KHTML, like Gecko) Chrome/46.0.2490.80 Safari/537.36"
89.233.216.170 - - [29/Oct/2015:09:01:30 +0100] "GET /css/bootstrap.min.css HTTP/1.1" 200 117431 "http://400contacts.com/" "Mozilla/5.0 (Macintosh; Intel Mac OS X 10_10_5) AppleWebKit/537.36 (KHTML, like Gecko) Chrome/46.0.2490.80 Safari/537.36"
89.233.216.170 - - [29/Oct/2015:09:01:30 +0100] "GET /css/creative.css HTTP/1.1" 200 9941 "http://400contacts.com/" "Mozilla/5.0 (Macintosh; Intel Mac OS X 10_10_5) AppleWebKit/537.36 (KHTML, like Gecko) Chrome/46.0.2490.80 Safari/537.36"
89.233.216.170 - - [29/Oct/2015:09:01:30 +0100] "GET /font-awesome/css/font-awesome.min.css HTTP/1.1" 200 24018 "http://400contacts.com/" "Mozilla/5.0 (Macintosh; Intel Mac OS X 10_10_5) AppleWebKit/537.36 (KHTML, like Gecko) Chrome/46.0.2490.80 Safari/537.36"
89.233.216.170 - - [29/Oct/2015:09:01:30 +0100] "GET / HTTP/1.1" 200 11977 "-" "Mozilla/5.0 (Macintosh; Intel Mac OS X 10_10_5) AppleWebKit/537.36 (KHTML, like Gecko) Chrome/46.0.2490.80 Safari/537.36"
89.233.216.170 - - [29/Oct/2015:09:01:30 +0100] "GET /js/bootstrap.min.js HTTP/1.1" 200 35738 "http://400contacts.com/" "Mozilla/5.0 (Macintosh; Intel Mac OS X 10_10_5) AppleWebKit/537.36 (KHTML, like Gecko) Chrome/46.0.2490.80 Safari/537.36"
89.233.216.170 - - [29/Oct/2015:09:01:30 +0100] "GET /js/jquery.easing.min.js HTTP/1.1" 200 5849 "http://400contacts.com/" "Mozilla/5.0 (Macintosh; Intel Mac OS X 10_10_5) AppleWebKit/537.36 (KHTML, like Gecko) Chrome/46.0.2490.80 Safari/537.36"
89.233.216.170 - - [29/Oct/2015:09:01:30 +0100] "GET /js/jquery.fittext.js HTTP/1.1" 200 1358 "http://400contacts.com/" "Mozilla/5.0 (Macintosh; Intel Mac OS X 10_10_5) AppleWebKit/537.36 (KHTML, like Gecko) Chrome/46.0.2490.80 Safari/537.36"
89.233.216.170 - - [29/Oct/2015:09:01:30 +0100] "GET /js/jquery.js HTTP/1.1" 200 96072 "http://400contacts.com/" "Mozilla/5.0 (Macintosh; Intel Mac OS X 10_10_5) AppleWebKit/537.36 (KHTML, like Gecko) Chrome/46.0.2490.80 Safari/537.36"
89.233.216.170 - - [29/Oct/2015:09:01:31 +0100] "GET /font-awesome/fonts/fontawesome-webfont.woff2?v=4.3.0 HTTP/1.1" 200 57061 "http://400contacts.com/font-awesome/css/font-awesome.min.css" "Mozilla/5.0 (Macintosh; Intel Mac OS X 10_10_5) AppleWebKit/537.36 (KHTML, like Gecko) Chrome/46.0.2490.80 Safari/537.36"
89.233.216.170 - - [29/Oct/2015:09:01:31 +0100] "GET /img/400contactsfavicon.png HTTP/1.1" 200 1540 "http://400contacts.com/" "Mozilla/5.0 (Macintosh; Intel Mac OS X 10_10_5) AppleWebKit/537.36 (KHTML, like Gecko) Chrome/46.0.2490.80 Safari/537.36"
95.199.16.208 - - [29/Oct/2015:09:01:31 +0100] "GET /img/400contactsfavicon.png HTTP/1.1" 304 173 "-" "Mozilla/5.0 (Linux; Android 4.4.4; Galaxy Nexus Build/KTU84Q) AppleWebKit/537.36 (KHTML, like Gecko) Version/4.0 Chrome/33.0.0.0 Mobile Safari/537.36"
89.233.216.170 - - [29/Oct/2015:09:01:31 +0100] "GET /img/haganotext.jpeg HTTP/1.1" 200 2344037 "http://400contacts.com/css/creative.css" "Mozilla/5.0 (Macintosh; Intel Mac OS X 10_10_5) AppleWebKit/537.36 (KHTML, like Gecko) Chrome/46.0.2490.80 Safari/537.36"
89.233.216.170 - - [29/Oct/2015:09:01:31 +0100] "GET /js/creative.js HTTP/1.1" 200 1555 "http://400contacts.com/" "Mozilla/5.0 (Macintosh; Intel Mac OS X 10_10_5) AppleWebKit/537.36 (KHTML, like Gecko) Chrome/46.0.2490.80 Safari/537.36"
89.233.216.170 - - [29/Oct/2015:09:01:31 +0100] "GET /js/wow.min.js HTTP/1.1" 200 8467 "http://400contacts.com/" "Mozilla/5.0 (Macintosh; Intel Mac OS X 10_10_5) AppleWebKit/537.36 (KHTML, like Gecko) Chrome/46.0.2490.80 Safari/537.36"
90.144.149.227 - - [29/Oct/2015:09:01:42 +0100] "GET /css/bootstrap.min.css HTTP/1.1" 200 117431 "http://400contacts.com/" "Mozilla/5.0 (iPhone; CPU iPhone OS 9_1 like Mac OS X) AppleWebKit/601.1.46 (KHTML, like Gecko) Mobile/13B143 [FBAN/FBIOS;FBAV/41.0.0.22.268;FBBV/15798540;FBDV/iPhone6,2;FBMD/iPhone;FBSN/iPhone OS;FBSV/9.1;FBSS/2; FBCR/Tele2;FBID/phone;FBLC/sv_SE;FBOP/5]"
90.144.149.227 - - [29/Oct/2015:09:01:42 +0100] "GET /css/creative.css HTTP/1.1" 200 9941 "http://400contacts.com/" "Mozilla/5.0 (iPhone; CPU iPhone OS 9_1 like Mac OS X) AppleWebKit/601.1.46 (KHTML, like Gecko) Mobile/13B143 [FBAN/FBIOS;FBAV/41.0.0.22.268;FBBV/15798540;FBDV/iPhone6,2;FBMD/iPhone;FBSN/iPhone OS;FBSV/9.1;FBSS/2; FBCR/Tele2;FBID/phone;FBLC/sv_SE;FBOP/5]"
90.144.149.227 - - [29/Oct/2015:09:01:42 +0100] "GET / HTTP/1.1" 200 11977 "http://m.facebook.com" "Mozilla/5.0 (iPhone; CPU iPhone OS 9_1 like Mac OS X) AppleWebKit/601.1.46 (KHTML, like Gecko) Mobile/13B143 [FBAN/FBIOS;FBAV/41.0.0.22.268;FBBV/15798540;FBDV/iPhone6,2;FBMD/iPhone;FBSN/iPhone OS;FBSV/9.1;FBSS/2; FBCR/Tele2;FBID/phone;FBLC/sv_SE;FBOP/5]"
90.144.149.227 - - [29/Oct/2015:09:01:43 +0100] "GET /css/animate.min.css HTTP/1.1" 200 53872 "http://400contacts.com/" "Mozilla/5.0 (iPhone; CPU iPhone OS 9_1 like Mac OS X) AppleWebKit/601.1.46 (KHTML, like Gecko) Mobile/13B143 [FBAN/FBIOS;FBAV/41.0.0.22.268;FBBV/15798540;FBDV/iPhone6,2;FBMD/iPhone;FBSN/iPhone OS;FBSV/9.1;FBSS/2; FBCR/Tele2;FBID/phone;FBLC/sv_SE;FBOP/5]"
90.144.149.227 - - [29/Oct/2015:09:01:43 +0100] "GET /font-awesome/css/font-awesome.min.css HTTP/1.1" 200 24018 "http://400contacts.com/" "Mozilla/5.0 (iPhone; CPU iPhone OS 9_1 like Mac OS X) AppleWebKit/601.1.46 (KHTML, like Gecko) Mobile/13B143 [FBAN/FBIOS;FBAV/41.0.0.22.268;FBBV/15798540;FBDV/iPhone6,2;FBMD/iPhone;FBSN/iPhone OS;FBSV/9.1;FBSS/2; FBCR/Tele2;FBID/phone;FBLC/sv_SE;FBOP/5]"
90.144.149.227 - - [29/Oct/2015:09:01:43 +0100] "GET /font-awesome/fonts/fontawesome-webfont.woff?v=4.3.0 HTTP/1.1" 200 71790 "http://400contacts.com/" "Mozilla/5.0 (iPhone; CPU iPhone OS 9_1 like Mac OS X) AppleWebKit/601.1.46 (KHTML, like Gecko) Mobile/13B143 [FBAN/FBIOS;FBAV/41.0.0.22.268;FBBV/15798540;FBDV/iPhone6,2;FBMD/iPhone;FBSN/iPhone OS;FBSV/9.1;FBSS/2; FBCR/Tele2;FBID/phone;FBLC/sv_SE;FBOP/5]"
90.144.149.227 - - [29/Oct/2015:09:01:43 +0100] "GET /img/haganotext.jpeg HTTP/1.1" 200 2344037 "http://400contacts.com/" "Mozilla/5.0 (iPhone; CPU iPhone OS 9_1 like Mac OS X) AppleWebKit/601.1.46 (KHTML, like Gecko) Mobile/13B143 [FBAN/FBIOS;FBAV/41.0.0.22.268;FBBV/15798540;FBDV/iPhone6,2;FBMD/iPhone;FBSN/iPhone OS;FBSV/9.1;FBSS/2; FBCR/Tele2;FBID/phone;FBLC/sv_SE;FBOP/5]"
90.144.149.227 - - [29/Oct/2015:09:01:43 +0100] "GET /js/bootstrap.min.js HTTP/1.1" 200 35738 "http://400contacts.com/" "Mozilla/5.0 (iPhone; CPU iPhone OS 9_1 like Mac OS X) AppleWebKit/601.1.46 (KHTML, like Gecko) Mobile/13B143 [FBAN/FBIOS;FBAV/41.0.0.22.268;FBBV/15798540;FBDV/iPhone6,2;FBMD/iPhone;FBSN/iPhone OS;FBSV/9.1;FBSS/2; FBCR/Tele2;FBID/phone;FBLC/sv_SE;FBOP/5]"
90.144.149.227 - - [29/Oct/2015:09:01:43 +0100] "GET /js/creative.js HTTP/1.1" 200 1555 "http://400contacts.com/" "Mozilla/5.0 (iPhone; CPU iPhone OS 9_1 like Mac OS X) AppleWebKit/601.1.46 (KHTML, like Gecko) Mobile/13B143 [FBAN/FBIOS;FBAV/41.0.0.22.268;FBBV/15798540;FBDV/iPhone6,2;FBMD/iPhone;FBSN/iPhone OS;FBSV/9.1;FBSS/2; FBCR/Tele2;FBID/phone;FBLC/sv_SE;FBOP/5]"
90.144.149.227 - - [29/Oct/2015:09:01:43 +0100] "GET /js/jquery.easing.min.js HTTP/1.1" 200 5849 "http://400contacts.com/" "Mozilla/5.0 (iPhone; CPU iPhone OS 9_1 like Mac OS X) AppleWebKit/601.1.46 (KHTML, like Gecko) Mobile/13B143 [FBAN/FBIOS;FBAV/41.0.0.22.268;FBBV/15798540;FBDV/iPhone6,2;FBMD/iPhone;FBSN/iPhone OS;FBSV/9.1;FBSS/2; FBCR/Tele2;FBID/phone;FBLC/sv_SE;FBOP/5]"
90.144.149.227 - - [29/Oct/2015:09:01:43 +0100] "GET /js/jquery.fittext.js HTTP/1.1" 200 1358 "http://400contacts.com/" "Mozilla/5.0 (iPhone; CPU iPhone OS 9_1 like Mac OS X) AppleWebKit/601.1.46 (KHTML, like Gecko) Mobile/13B143 [FBAN/FBIOS;FBAV/41.0.0.22.268;FBBV/15798540;FBDV/iPhone6,2;FBMD/iPhone;FBSN/iPhone OS;FBSV/9.1;FBSS/2; FBCR/Tele2;FBID/phone;FBLC/sv_SE;FBOP/5]"
90.144.149.227 - - [29/Oct/2015:09:01:43 +0100] "GET /js/jquery.js HTTP/1.1" 200 96072 "http://400contacts.com/" "Mozilla/5.0 (iPhone; CPU iPhone OS 9_1 like Mac OS X) AppleWebKit/601.1.46 (KHTML, like Gecko) Mobile/13B143 [FBAN/FBIOS;FBAV/41.0.0.22.268;FBBV/15798540;FBDV/iPhone6,2;FBMD/iPhone;FBSN/iPhone OS;FBSV/9.1;FBSS/2; FBCR/Tele2;FBID/phone;FBLC/sv_SE;FBOP/5]"
90.144.149.227 - - [29/Oct/2015:09:01:43 +0100] "GET /js/wow.min.js HTTP/1.1" 200 8467 "http://400contacts.com/" "Mozilla/5.0 (iPhone; CPU iPhone OS 9_1 like Mac OS X) AppleWebKit/601.1.46 (KHTML, like Gecko) Mobile/13B143 [FBAN/FBIOS;FBAV/41.0.0.22.268;FBBV/15798540;FBDV/iPhone6,2;FBMD/iPhone;FBSN/iPhone OS;FBSV/9.1;FBSS/2; FBCR/Tele2;FBID/phone;FBLC/sv_SE;FBOP/5]"
188.65.156.34 - - [29/Oct/2015:09:07:13 +0100] "GET /css/animate.min.css HTTP/1.1" 200 53872 "http://www.400contacts.com/" "Mozilla/5.0 (Windows NT 6.1; WOW64) AppleWebKit/537.36 (KHTML, like Gecko) Chrome/46.0.2490.80 Safari/537.36"
188.65.156.34 - - [29/Oct/2015:09:07:13 +0100] "GET /css/bootstrap.min.css HTTP/1.1" 200 117431 "http://www.400contacts.com/" "Mozilla/5.0 (Windows NT 6.1; WOW64) AppleWebKit/537.36 (KHTML, like Gecko) Chrome/46.0.2490.80 Safari/537.36"
188.65.156.34 - - [29/Oct/2015:09:07:13 +0100] "GET /css/creative.css HTTP/1.1" 200 9941 "http://www.400contacts.com/" "Mozilla/5.0 (Windows NT 6.1; WOW64) AppleWebKit/537.36 (KHTML, like Gecko) Chrome/46.0.2490.80 Safari/537.36"
188.65.156.34 - - [29/Oct/2015:09:07:13 +0100] "GET /font-awesome/css/font-awesome.min.css HTTP/1.1" 200 24018 "http://www.400contacts.com/" "Mozilla/5.0 (Windows NT 6.1; WOW64) AppleWebKit/537.36 (KHTML, like Gecko) Chrome/46.0.2490.80 Safari/537.36"
188.65.156.34 - - [29/Oct/2015:09:07:13 +0100] "GET / HTTP/1.1" 200 11977 "https://www.facebook.com/" "Mozilla/5.0 (Windows NT 6.1; WOW64) AppleWebKit/537.36 (KHTML, like Gecko) Chrome/46.0.2490.80 Safari/537.36"
188.65.156.34 - - [29/Oct/2015:09:07:13 +0100] "GET /js/bootstrap.min.js HTTP/1.1" 200 35738 "http://www.400contacts.com/" "Mozilla/5.0 (Windows NT 6.1; WOW64) AppleWebKit/537.36 (KHTML, like Gecko) Chrome/46.0.2490.80 Safari/537.36"
188.65.156.34 - - [29/Oct/2015:09:07:13 +0100] "GET /js/jquery.js HTTP/1.1" 200 96072 "http://www.400contacts.com/" "Mozilla/5.0 (Windows NT 6.1; WOW64) AppleWebKit/537.36 (KHTML, like Gecko) Chrome/46.0.2490.80 Safari/537.36"
188.65.156.34 - - [29/Oct/2015:09:07:14 +0100] "GET /font-awesome/fonts/fontawesome-webfont.woff2?v=4.3.0 HTTP/1.1" 200 57061 "http://www.400contacts.com/font-awesome/css/font-awesome.min.css" "Mozilla/5.0 (Windows NT 6.1; WOW64) AppleWebKit/537.36 (KHTML, like Gecko) Chrome/46.0.2490.80 Safari/537.36"
188.65.156.34 - - [29/Oct/2015:09:07:14 +0100] "GET /img/400contactsfavicon.png HTTP/1.1" 200 1540 "http://www.400contacts.com/" "Mozilla/5.0 (Windows NT 6.1; WOW64) AppleWebKit/537.36 (KHTML, like Gecko) Chrome/46.0.2490.80 Safari/537.36"
188.65.156.34 - - [29/Oct/2015:09:07:14 +0100] "GET /img/haganotext.jpeg HTTP/1.1" 200 2344037 "http://www.400contacts.com/css/creative.css" "Mozilla/5.0 (Windows NT 6.1; WOW64) AppleWebKit/537.36 (KHTML, like Gecko) Chrome/46.0.2490.80 Safari/537.36"
188.65.156.34 - - [29/Oct/2015:09:07:14 +0100] "GET /js/creative.js HTTP/1.1" 200 1555 "http://www.400contacts.com/" "Mozilla/5.0 (Windows NT 6.1; WOW64) AppleWebKit/537.36 (KHTML, like Gecko) Chrome/46.0.2490.80 Safari/537.36"
188.65.156.34 - - [29/Oct/2015:09:07:14 +0100] "GET /js/jquery.easing.min.js HTTP/1.1" 200 5849 "http://www.400contacts.com/" "Mozilla/5.0 (Windows NT 6.1; WOW64) AppleWebKit/537.36 (KHTML, like Gecko) Chrome/46.0.2490.80 Safari/537.36"
188.65.156.34 - - [29/Oct/2015:09:07:14 +0100] "GET /js/jquery.fittext.js HTTP/1.1" 200 1358 "http://www.400contacts.com/" "Mozilla/5.0 (Windows NT 6.1; WOW64) AppleWebKit/537.36 (KHTML, like Gecko) Chrome/46.0.2490.80 Safari/537.36"
188.65.156.34 - - [29/Oct/2015:09:07:14 +0100] "GET /js/wow.min.js HTTP/1.1" 200 8467 "http://www.400contacts.com/" "Mozilla/5.0 (Windows NT 6.1; WOW64) AppleWebKit/537.36 (KHTML, like Gecko) Chrome/46.0.2490.80 Safari/537.36"
54.174.243.55 - - [29/Oct/2015:09:08:09 +0100] "GET / HTTP/1.1" 200 11921 "-" "Mozilla/5.0 (Macintosh; Intel Mac OS X 10.9; rv:28.0) Gecko/20100101 Firefox/28.0 (FlipboardProxy/1.1; +http://flipboard.com/browserproxy)"
54.174.243.55 - - [29/Oct/2015:09:08:09 +0100] "GET /robots.txt HTTP/1.1" 404 1363 "-" "Mozilla/5.0 (Macintosh; Intel Mac OS X 10.9; rv:28.0) Gecko/20100101 Firefox/28.0 (FlipboardProxy/1.1; +http://flipboard.com/browserproxy)"
79.138.134.52 - - [29/Oct/2015:09:09:10 +0100] "GET / HTTP/1.1" 200 11977 "http://m.facebook.com/" "Mozilla/5.0 (Linux; Android 5.0.2; SM-G925F Build/LRX22G; wv) AppleWebKit/537.36 (KHTML, like Gecko) Version/4.0 Chrome/45.0.2454.95 Mobile Safari/537.36 [FB_IAB/FB4A;FBAV/48.0.0.28.137;]"
79.138.134.52 - - [29/Oct/2015:09:09:11 +0100] "GET /css/animate.min.css HTTP/1.1" 200 53872 "http://400contacts.com/" "Mozilla/5.0 (Linux; Android 5.0.2; SM-G925F Build/LRX22G; wv) AppleWebKit/537.36 (KHTML, like Gecko) Version/4.0 Chrome/45.0.2454.95 Mobile Safari/537.36 [FB_IAB/FB4A;FBAV/48.0.0.28.137;]"
79.138.134.52 - - [29/Oct/2015:09:09:11 +0100] "GET /css/bootstrap.min.css HTTP/1.1" 200 117431 "http://400contacts.com/" "Mozilla/5.0 (Linux; Android 5.0.2; SM-G925F Build/LRX22G; wv) AppleWebKit/537.36 (KHTML, like Gecko) Version/4.0 Chrome/45.0.2454.95 Mobile Safari/537.36 [FB_IAB/FB4A;FBAV/48.0.0.28.137;]"
79.138.134.52 - - [29/Oct/2015:09:09:11 +0100] "GET /css/creative.css HTTP/1.1" 200 9941 "http://400contacts.com/" "Mozilla/5.0 (Linux; Android 5.0.2; SM-G925F Build/LRX22G; wv) AppleWebKit/537.36 (KHTML, like Gecko) Version/4.0 Chrome/45.0.2454.95 Mobile Safari/537.36 [FB_IAB/FB4A;FBAV/48.0.0.28.137;]"
79.138.134.52 - - [29/Oct/2015:09:09:11 +0100] "GET /font-awesome/css/font-awesome.min.css HTTP/1.1" 200 24018 "http://400contacts.com/" "Mozilla/5.0 (Linux; Android 5.0.2; SM-G925F Build/LRX22G; wv) AppleWebKit/537.36 (KHTML, like Gecko) Version/4.0 Chrome/45.0.2454.95 Mobile Safari/537.36 [FB_IAB/FB4A;FBAV/48.0.0.28.137;]"
79.138.134.52 - - [29/Oct/2015:09:09:11 +0100] "GET /js/bootstrap.min.js HTTP/1.1" 200 35738 "http://400contacts.com/" "Mozilla/5.0 (Linux; Android 5.0.2; SM-G925F Build/LRX22G; wv) AppleWebKit/537.36 (KHTML, like Gecko) Version/4.0 Chrome/45.0.2454.95 Mobile Safari/537.36 [FB_IAB/FB4A;FBAV/48.0.0.28.137;]"
79.138.134.52 - - [29/Oct/2015:09:09:11 +0100] "GET /js/jquery.easing.min.js HTTP/1.1" 200 5849 "http://400contacts.com/" "Mozilla/5.0 (Linux; Android 5.0.2; SM-G925F Build/LRX22G; wv) AppleWebKit/537.36 (KHTML, like Gecko) Version/4.0 Chrome/45.0.2454.95 Mobile Safari/537.36 [FB_IAB/FB4A;FBAV/48.0.0.28.137;]"
79.138.134.52 - - [29/Oct/2015:09:09:11 +0100] "GET /js/jquery.js HTTP/1.1" 200 96072 "http://400contacts.com/" "Mozilla/5.0 (Linux; Android 5.0.2; SM-G925F Build/LRX22G; wv) AppleWebKit/537.36 (KHTML, like Gecko) Version/4.0 Chrome/45.0.2454.95 Mobile Safari/537.36 [FB_IAB/FB4A;FBAV/48.0.0.28.137;]"
79.138.134.52 - - [29/Oct/2015:09:09:12 +0100] "GET /js/jquery.fittext.js HTTP/1.1" 200 1358 "http://400contacts.com/" "Mozilla/5.0 (Linux; Android 5.0.2; SM-G925F Build/LRX22G; wv) AppleWebKit/537.36 (KHTML, like Gecko) Version/4.0 Chrome/45.0.2454.95 Mobile Safari/537.36 [FB_IAB/FB4A;FBAV/48.0.0.28.137;]"
79.138.134.52 - - [29/Oct/2015:09:09:12 +0100] "GET /js/wow.min.js HTTP/1.1" 200 8467 "http://400contacts.com/" "Mozilla/5.0 (Linux; Android 5.0.2; SM-G925F Build/LRX22G; wv) AppleWebKit/537.36 (KHTML, like Gecko) Version/4.0 Chrome/45.0.2454.95 Mobile Safari/537.36 [FB_IAB/FB4A;FBAV/48.0.0.28.137;]"
79.138.134.52 - - [29/Oct/2015:09:09:13 +0100] "GET /js/creative.js HTTP/1.1" 200 1555 "http://400contacts.com/" "Mozilla/5.0 (Linux; Android 5.0.2; SM-G925F Build/LRX22G; wv) AppleWebKit/537.36 (KHTML, like Gecko) Version/4.0 Chrome/45.0.2454.95 Mobile Safari/537.36 [FB_IAB/FB4A;FBAV/48.0.0.28.137;]"
79.138.134.52 - - [29/Oct/2015:09:09:14 +0100] "GET /font-awesome/fonts/fontawesome-webfont.woff2?v=4.3.0 HTTP/1.1" 200 57061 "http://400contacts.com/font-awesome/css/font-awesome.min.css" "Mozilla/5.0 (Linux; Android 5.0.2; SM-G925F Build/LRX22G; wv) AppleWebKit/537.36 (KHTML, like Gecko) Version/4.0 Chrome/45.0.2454.95 Mobile Safari/537.36 [FB_IAB/FB4A;FBAV/48.0.0.28.137;]"
79.138.134.52 - - [29/Oct/2015:09:09:15 +0100] "GET /img/haganotext.jpeg HTTP/1.1" 200 2344037 "http://400contacts.com/css/creative.css" "Mozilla/5.0 (Linux; Android 5.0.2; SM-G925F Build/LRX22G; wv) AppleWebKit/537.36 (KHTML, like Gecko) Version/4.0 Chrome/45.0.2454.95 Mobile Safari/537.36 [FB_IAB/FB4A;FBAV/48.0.0.28.137;]"
79.138.134.52 - - [29/Oct/2015:09:09:26 +0100] "GET /img/400contactsfavicon.png HTTP/1.1" 200 1540 "http://400contacts.com/" "Mozilla/5.0 (Linux; Android 5.0.2; SM-G925F Build/LRX22G; wv) AppleWebKit/537.36 (KHTML, like Gecko) Version/4.0 Chrome/45.0.2454.95 Mobile Safari/537.36 [FB_IAB/FB4A;FBAV/48.0.0.28.137;]"
37.46.184.122 - - [29/Oct/2015:09:11:34 +0100] "GET / HTTP/1.1" 200 11977 "-" "Mozilla/5.0 (X11; Linux x86_64) AppleWebKit/537.36 (KHTML, like Gecko) Chrome/45.0.2454.93 Safari/537.36 OPR/32.0.1948.69"
37.46.184.122 - - [29/Oct/2015:09:11:35 +0100] "GET /css/animate.min.css HTTP/1.1" 200 53872 "http://400contacts.com/" "Mozilla/5.0 (X11; Linux x86_64) AppleWebKit/537.36 (KHTML, like Gecko) Chrome/45.0.2454.93 Safari/537.36 OPR/32.0.1948.69"
37.46.184.122 - - [29/Oct/2015:09:11:35 +0100] "GET /css/bootstrap.min.css HTTP/1.1" 200 117431 "http://400contacts.com/" "Mozilla/5.0 (X11; Linux x86_64) AppleWebKit/537.36 (KHTML, like Gecko) Chrome/45.0.2454.93 Safari/537.36 OPR/32.0.1948.69"
37.46.184.122 - - [29/Oct/2015:09:11:35 +0100] "GET /css/creative.css HTTP/1.1" 200 9941 "http://400contacts.com/" "Mozilla/5.0 (X11; Linux x86_64) AppleWebKit/537.36 (KHTML, like Gecko) Chrome/45.0.2454.93 Safari/537.36 OPR/32.0.1948.69"
37.46.184.122 - - [29/Oct/2015:09:11:35 +0100] "GET /font-awesome/css/font-awesome.min.css HTTP/1.1" 200 24018 "http://400contacts.com/" "Mozilla/5.0 (X11; Linux x86_64) AppleWebKit/537.36 (KHTML, like Gecko) Chrome/45.0.2454.93 Safari/537.36 OPR/32.0.1948.69"
37.46.184.122 - - [29/Oct/2015:09:11:35 +0100] "GET /font-awesome/fonts/fontawesome-webfont.woff2?v=4.3.0 HTTP/1.1" 200 57061 "http://400contacts.com/font-awesome/css/font-awesome.min.css" "Mozilla/5.0 (X11; Linux x86_64) AppleWebKit/537.36 (KHTML, like Gecko) Chrome/45.0.2454.93 Safari/537.36 OPR/32.0.1948.69"
37.46.184.122 - - [29/Oct/2015:09:11:35 +0100] "GET /img/haganotext.jpeg HTTP/1.1" 200 2344037 "http://400contacts.com/css/creative.css" "Mozilla/5.0 (X11; Linux x86_64) AppleWebKit/537.36 (KHTML, like Gecko) Chrome/45.0.2454.93 Safari/537.36 OPR/32.0.1948.69"
37.46.184.122 - - [29/Oct/2015:09:11:35 +0100] "GET /js/bootstrap.min.js HTTP/1.1" 200 35738 "http://400contacts.com/" "Mozilla/5.0 (X11; Linux x86_64) AppleWebKit/537.36 (KHTML, like Gecko) Chrome/45.0.2454.93 Safari/537.36 OPR/32.0.1948.69"
37.46.184.122 - - [29/Oct/2015:09:11:35 +0100] "GET /js/creative.js HTTP/1.1" 200 1555 "http://400contacts.com/" "Mozilla/5.0 (X11; Linux x86_64) AppleWebKit/537.36 (KHTML, like Gecko) Chrome/45.0.2454.93 Safari/537.36 OPR/32.0.1948.69"
37.46.184.122 - - [29/Oct/2015:09:11:35 +0100] "GET /js/jquery.easing.min.js HTTP/1.1" 200 5849 "http://400contacts.com/" "Mozilla/5.0 (X11; Linux x86_64) AppleWebKit/537.36 (KHTML, like Gecko) Chrome/45.0.2454.93 Safari/537.36 OPR/32.0.1948.69"
37.46.184.122 - - [29/Oct/2015:09:11:35 +0100] "GET /js/jquery.fittext.js HTTP/1.1" 200 1358 "http://400contacts.com/" "Mozilla/5.0 (X11; Linux x86_64) AppleWebKit/537.36 (KHTML, like Gecko) Chrome/45.0.2454.93 Safari/537.36 OPR/32.0.1948.69"
37.46.184.122 - - [29/Oct/2015:09:11:35 +0100] "GET /js/jquery.js HTTP/1.1" 200 96072 "http://400contacts.com/" "Mozilla/5.0 (X11; Linux x86_64) AppleWebKit/537.36 (KHTML, like Gecko) Chrome/45.0.2454.93 Safari/537.36 OPR/32.0.1948.69"
37.46.184.122 - - [29/Oct/2015:09:11:35 +0100] "GET /js/wow.min.js HTTP/1.1" 200 8467 "http://400contacts.com/" "Mozilla/5.0 (X11; Linux x86_64) AppleWebKit/537.36 (KHTML, like Gecko) Chrome/45.0.2454.93 Safari/537.36 OPR/32.0.1948.69"
37.46.184.122 - - [29/Oct/2015:09:11:39 +0100] "GET /img/400contactsfavicon.png HTTP/1.1" 200 1540 "http://400contacts.com/" "Mozilla/5.0 (X11; Linux x86_64) AppleWebKit/537.36 (KHTML, like Gecko) Chrome/45.0.2454.93 Safari/537.36 OPR/32.0.1948.69"
193.12.22.170 - - [29/Oct/2015:09:12:19 +0100] "GET /css/animate.min.css HTTP/1.1" 200 53872 "http://400contacts.com/" "Mozilla/5.0 (Macintosh; Intel Mac OS X 10_11_1) AppleWebKit/537.36 (KHTML, like Gecko) Chrome/46.0.2490.80 Safari/537.36"
85.24.242.42 - - [29/Oct/2015:09:12:19 +0100] "GET /css/animate.min.css HTTP/1.1" 200 53872 "http://www.400contacts.com/" "Mozilla/5.0 (Linux; Android 5.0.1; GT-I9505 Build/LRX22C) AppleWebKit/537.36 (KHTML, like Gecko) Version/4.0 Chrome/37.0.0.0 Mobile Safari/537.36 [FB_IAB/FB4A;FBAV/37.0.0.48.234;]"
193.12.22.170 - - [29/Oct/2015:09:12:19 +0100] "GET /css/bootstrap.min.css HTTP/1.1" 200 117431 "http://400contacts.com/" "Mozilla/5.0 (Macintosh; Intel Mac OS X 10_11_1) AppleWebKit/537.36 (KHTML, like Gecko) Chrome/46.0.2490.80 Safari/537.36"
85.24.242.42 - - [29/Oct/2015:09:12:19 +0100] "GET /css/bootstrap.min.css HTTP/1.1" 200 117431 "http://www.400contacts.com/" "Mozilla/5.0 (Linux; Android 5.0.1; GT-I9505 Build/LRX22C) AppleWebKit/537.36 (KHTML, like Gecko) Version/4.0 Chrome/37.0.0.0 Mobile Safari/537.36 [FB_IAB/FB4A;FBAV/37.0.0.48.234;]"
193.12.22.170 - - [29/Oct/2015:09:12:19 +0100] "GET /css/creative.css HTTP/1.1" 200 9941 "http://400contacts.com/" "Mozilla/5.0 (Macintosh; Intel Mac OS X 10_11_1) AppleWebKit/537.36 (KHTML, like Gecko) Chrome/46.0.2490.80 Safari/537.36"
85.24.242.42 - - [29/Oct/2015:09:12:19 +0100] "GET /css/creative.css HTTP/1.1" 200 9941 "http://www.400contacts.com/" "Mozilla/5.0 (Linux; Android 5.0.1; GT-I9505 Build/LRX22C) AppleWebKit/537.36 (KHTML, like Gecko) Version/4.0 Chrome/37.0.0.0 Mobile Safari/537.36 [FB_IAB/FB4A;FBAV/37.0.0.48.234;]"
193.12.22.170 - - [29/Oct/2015:09:12:19 +0100] "GET /font-awesome/css/font-awesome.min.css HTTP/1.1" 200 24018 "http://400contacts.com/" "Mozilla/5.0 (Macintosh; Intel Mac OS X 10_11_1) AppleWebKit/537.36 (KHTML, like Gecko) Chrome/46.0.2490.80 Safari/537.36"
85.24.242.42 - - [29/Oct/2015:09:12:19 +0100] "GET /font-awesome/css/font-awesome.min.css HTTP/1.1" 200 24018 "http://www.400contacts.com/" "Mozilla/5.0 (Linux; Android 5.0.1; GT-I9505 Build/LRX22C) AppleWebKit/537.36 (KHTML, like Gecko) Version/4.0 Chrome/37.0.0.0 Mobile Safari/537.36 [FB_IAB/FB4A;FBAV/37.0.0.48.234;]"
193.12.22.170 - - [29/Oct/2015:09:12:19 +0100] "GET /font-awesome/fonts/fontawesome-webfont.woff2?v=4.3.0 HTTP/1.1" 200 57061 "http://400contacts.com/font-awesome/css/font-awesome.min.css" "Mozilla/5.0 (Macintosh; Intel Mac OS X 10_11_1) AppleWebKit/537.36 (KHTML, like Gecko) Chrome/46.0.2490.80 Safari/537.36"
85.24.242.42 - - [29/Oct/2015:09:12:19 +0100] "GET / HTTP/1.1" 200 11977 "http://m.facebook.com/" "Mozilla/5.0 (Linux; Android 5.0.1; GT-I9505 Build/LRX22C) AppleWebKit/537.36 (KHTML, like Gecko) Version/4.0 Chrome/37.0.0.0 Mobile Safari/537.36 [FB_IAB/FB4A;FBAV/37.0.0.48.234;]"
193.12.22.170 - - [29/Oct/2015:09:12:19 +0100] "GET / HTTP/1.1" 200 11977 "http://plus.url.google.com/url?sa=j&url=http%3A%2F%2F400contacts.com%2F&uct=1443443953&usg=iN9hyJwBX7oum82zr0RZlHFnrUA." "Mozilla/5.0 (Macintosh; Intel Mac OS X 10_11_1) AppleWebKit/537.36 (KHTML, like Gecko) Chrome/46.0.2490.80 Safari/537.36"
193.12.22.170 - - [29/Oct/2015:09:12:19 +0100] "GET /img/haganotext.jpeg HTTP/1.1" 200 2344037 "http://400contacts.com/css/creative.css" "Mozilla/5.0 (Macintosh; Intel Mac OS X 10_11_1) AppleWebKit/537.36 (KHTML, like Gecko) Chrome/46.0.2490.80 Safari/537.36"
85.24.242.42 - - [29/Oct/2015:09:12:19 +0100] "GET /img/haganotext.jpeg HTTP/1.1" 200 2344037 "http://www.400contacts.com/css/creative.css" "Mozilla/5.0 (Linux; Android 5.0.1; GT-I9505 Build/LRX22C) AppleWebKit/537.36 (KHTML, like Gecko) Version/4.0 Chrome/37.0.0.0 Mobile Safari/537.36 [FB_IAB/FB4A;FBAV/37.0.0.48.234;]"
193.12.22.170 - - [29/Oct/2015:09:12:19 +0100] "GET /js/bootstrap.min.js HTTP/1.1" 200 35738 "http://400contacts.com/" "Mozilla/5.0 (Macintosh; Intel Mac OS X 10_11_1) AppleWebKit/537.36 (KHTML, like Gecko) Chrome/46.0.2490.80 Safari/537.36"
85.24.242.42 - - [29/Oct/2015:09:12:19 +0100] "GET /js/bootstrap.min.js HTTP/1.1" 200 35738 "http://www.400contacts.com/" "Mozilla/5.0 (Linux; Android 5.0.1; GT-I9505 Build/LRX22C) AppleWebKit/537.36 (KHTML, like Gecko) Version/4.0 Chrome/37.0.0.0 Mobile Safari/537.36 [FB_IAB/FB4A;FBAV/37.0.0.48.234;]"
193.12.22.170 - - [29/Oct/2015:09:12:19 +0100] "GET /js/creative.js HTTP/1.1" 200 1555 "http://400contacts.com/" "Mozilla/5.0 (Macintosh; Intel Mac OS X 10_11_1) AppleWebKit/537.36 (KHTML, like Gecko) Chrome/46.0.2490.80 Safari/537.36"
85.24.242.42 - - [29/Oct/2015:09:12:19 +0100] "GET /js/creative.js HTTP/1.1" 200 1555 "http://www.400contacts.com/" "Mozilla/5.0 (Linux; Android 5.0.1; GT-I9505 Build/LRX22C) AppleWebKit/537.36 (KHTML, like Gecko) Version/4.0 Chrome/37.0.0.0 Mobile Safari/537.36 [FB_IAB/FB4A;FBAV/37.0.0.48.234;]"
193.12.22.170 - - [29/Oct/2015:09:12:19 +0100] "GET /js/jquery.easing.min.js HTTP/1.1" 200 5849 "http://400contacts.com/" "Mozilla/5.0 (Macintosh; Intel Mac OS X 10_11_1) AppleWebKit/537.36 (KHTML, like Gecko) Chrome/46.0.2490.80 Safari/537.36"
